[INFO] Scanning for projects...
[INFO] 
[INFO] --------------------------< com.example:demo >--------------------------
[INFO] Building demo 0.0.1-SNAPSHOT
[INFO]   from pom.xml
[INFO] --------------------------------[ jar ]---------------------------------
[INFO] 
[INFO] --- resources:3.3.1:resources (default-resources) @ demo ---
[INFO] Copying 1 resource from src\main\resources to target\classes
[INFO] Copying 0 resource from src\main\resources to target\classes
[INFO] 
[INFO] --- compiler:3.13.0:compile (default-compile) @ demo ---
[INFO] Nothing to compile - all classes are up to date.
[INFO] 
[INFO] --- resources:3.3.1:testResources (default-testResources) @ demo ---
[INFO] skip non existing resourceDirectory C:\Users\mokaa\Desktop\IGAI\API DEMO\src\test\resources
[INFO] 
[INFO] --- compiler:3.13.0:testCompile (default-testCompile) @ demo ---
[INFO] Recompiling the module because of changed source code.
[INFO] Compiling 2 source files with javac [debug parameters release 21] to target\test-classes
[INFO] 
[INFO] --- surefire:3.5.2:test (default-test) @ demo ---
[INFO] Using auto detected provider org.apache.maven.surefire.junitplatform.JUnitPlatformProvider
[INFO] 
[INFO] -------------------------------------------------------
[INFO]  T E S T S
[INFO] -------------------------------------------------------
[INFO] Running com.example.demo.controller.WebhookControllerTest
16:52:37.927 [main] INFO org.springframework.test.context.support.AnnotationConfigContextLoaderUtils -- Could not detect default configuration classes for test class [com.example.demo.controller.WebhookControllerTest]: WebhookControllerTest does not declare any static, non-private, non-final, nested classes annotated with @Configuration.
16:52:38.130 [main] INFO org.springframework.boot.test.context.SpringBootTestContextBootstrapper -- Found @SpringBootConfiguration com.example.demo.DemoApplication for test class com.example.demo.controller.WebhookControllerTest

  .   ____          _            __ _ _
 /\\ / ___'_ __ _ _(_)_ __  __ _ \ \ \ \
( ( )\___ | '_ | '_| | '_ \/ _` | \ \ \ \
 \\/  ___)| |_)| | | | | || (_| |  ) ) ) )
  '  |____| .__|_| |_|_| |_\__, | / / / /
 =========|_|==============|___/=/_/_/_/

 :: Spring Boot ::                (v3.4.2)

2026-02-13T16:52:38.665+05:30  INFO 25888 --- [demo] [           main] c.e.d.controller.WebhookControllerTest   : Starting WebhookControllerTest using Java 25.0.1 with PID 25888 (started by mokaa in C:\Users\mokaa\Desktop\IGAI\API DEMO)
2026-02-13T16:52:38.666+05:30  INFO 25888 --- [demo] [           main] c.e.d.controller.WebhookControllerTest   : No active profile set, falling back to 1 default profile: "default"
.\mvnw.cmd : Mockito is currently 
self-attaching to enable the inline-mock-maker. 
This will no longer work in future releases of 
the JDK. Please add Mockito as an agent to your 
build what is described in Mockito's 
documentation: https://javadoc.io/doc/org.mockit
o/mockito-core/latest/org/mockito/Mockito.html#0
.3
At line:1 char:1
+ .\mvnw.cmd test > test_log.txt 2>&1
+ ~~~~~~~~~~~~~~~~~~~~~~~~~~~~~~~~~~~
    + CategoryInfo          : NotSpecified: (Mo 
   ckito is curr...ockito.html#0.3:String) [],  
   RemoteException
    + FullyQualifiedErrorId : NativeCommandErro 
   r
 
Java HotSpot(TM) 64-Bit Server VM warning: 
Sharing is only supported for boot loader 
classes because bootstrap classpath has been 
appended
WARNING: A Java agent has been loaded 
dynamically (C:\Users\mokaa\.m2\repository\net\b
ytebuddy\byte-buddy-agent\1.15.11\byte-buddy-age
nt-1.15.11.jar)
WARNING: If a serviceability tool is in use, 
please run with -XX:+EnableDynamicAgentLoading 
to hide this warning
WARNING: If a serviceability tool is not in 
use, please run with 
-Djdk.instrument.traceUsage for more information
WARNING: Dynamic loading of agents will be 
disallowed by default in a future release
WARNING: A terminally deprecated method in 
sun.misc.Unsafe has been called
WARNING: sun.misc.Unsafe::objectFieldOffset has 
been called by net.bytebuddy.dynamic.loading.Cla
ssInjector$UsingUnsafe$Dispatcher$CreationAction
 (file:/C:/Users/mokaa/.m2/repository/net/bytebu
ddy/byte-buddy/1.15.11/byte-buddy-1.15.11.jar)
WARNING: Please consider reporting this to the 
maintainers of class net.bytebuddy.dynamic.loadi
ng.ClassInjector$UsingUnsafe$Dispatcher$Creation
Action
WARNING: sun.misc.Unsafe::objectFieldOffset 
will be removed in a future release
2026-02-13T16:52:41.296+05:30  INFO 25888 --- [demo] [           main] o.s.b.t.m.w.SpringBootMockServletContext : Initializing Spring TestDispatcherServlet ''
2026-02-13T16:52:41.296+05:30  INFO 25888 --- [demo] [           main] o.s.t.web.servlet.TestDispatcherServlet  : Initializing Servlet ''
2026-02-13T16:52:41.299+05:30  INFO 25888 --- [demo] [           main] o.s.t.web.servlet.TestDispatcherServlet  : Completed initialization in 1 ms
2026-02-13T16:52:41.335+05:30  INFO 25888 --- [demo] [           main] c.e.d.controller.WebhookControllerTest   : Started WebhookControllerTest in 3.106 seconds (process running for 4.337)
2026-02-13T16:52:41.457+05:30  INFO 25888 --- [demo] [           main] c.e.demo.controller.WebhookController    : Received webhook request. Payload length: 232
2026-02-13T16:52:41.550+05:30  INFO 25888 --- [demo] [           main] c.e.demo.controller.WebhookController    : Received Clerk Webhook: type=user.created
2026-02-13T16:52:41.550+05:30  INFO 25888 --- [demo] [           main] c.e.demo.controller.WebhookController    : Processing user data for Clerk ID: user_123
2026-02-13T16:52:41.551+05:30  INFO 25888 --- [demo] [           main] c.e.demo.controller.WebhookController    : Successfully saved user to Neo4j: user_123
[INFO] Tests run: 1, Failures: 0, Errors: 0, Skipped: 0, Time elapsed: 3.870 s -- in com.example.demo.controller.WebhookControllerTest
[INFO] Running com.example.demo.Neo4jConnectionTest
2026-02-13T16:52:41.616+05:30  INFO 25888 --- [demo] [           main] t.c.s.AnnotationConfigContextLoaderUtils : Could not detect default configuration classes for test class [com.example.demo.Neo4jConnectionTest]: Neo4jConnectionTest does not declare any static, non-private, non-final, nested classes annotated with @Configuration.
2026-02-13T16:52:41.629+05:30  INFO 25888 --- [demo] [           main] .b.t.c.SpringBootTestContextBootstrapper : Found @SpringBootConfiguration com.example.demo.DemoApplication for test class com.example.demo.Neo4jConnectionTest

  .   ____          _            __ _ _
 /\\ / ___'_ __ _ _(_)_ __  __ _ \ \ \ \
( ( )\___ | '_ | '_| | '_ \/ _` | \ \ \ \
 \\/  ___)| |_)| | | | | || (_| |  ) ) ) )
  '  |____| .__|_| |_|_| |_\__, | / / / /
 =========|_|==============|___/=/_/_/_/

 :: Spring Boot ::                (v3.4.2)

2026-02-13T16:52:41.692+05:30  INFO 25888 --- [demo] [           main] com.example.demo.Neo4jConnectionTest     : Starting Neo4jConnectionTest using Java 25.0.1 with PID 25888 (started by mokaa in C:\Users\mokaa\Desktop\IGAI\API DEMO)
2026-02-13T16:52:41.693+05:30  INFO 25888 --- [demo] [           main] com.example.demo.Neo4jConnectionTest     : No active profile set, falling back to 1 default profile: "default"
2026-02-13T16:52:41.968+05:30  INFO 25888 --- [demo] [           main] .s.d.r.c.RepositoryConfigurationDelegate : Bootstrapping Spring Data Neo4j repositories in DEFAULT mode.
2026-02-13T16:52:42.002+05:30  INFO 25888 --- [demo] [           main] .s.d.r.c.RepositoryConfigurationDelegate : Finished Spring Data repository scanning in 23 ms. Found 0 Neo4j repository interfaces.
2026-02-13T16:52:42.015+05:30  INFO 25888 --- [demo] [           main] .s.d.r.c.RepositoryConfigurationDelegate : Bootstrapping Spring Data Neo4j repositories in DEFAULT mode.
2026-02-13T16:52:42.035+05:30  INFO 25888 --- [demo] [           main] .s.d.r.c.RepositoryConfigurationDelegate : Finished Spring Data repository scanning in 17 ms. Found 1 Neo4j repository interface.
2026-02-13T16:52:42.398+05:30  INFO 25888 --- [demo] [           main] o.neo4j.driver.internal.DriverFactory    : Routing driver instance 209089454 created for server address 127.0.0.1:7687
WARNING: A restricted method in 
java.lang.System has been called
WARNING: java.lang.System::load has been called 
by org.apache.tomcat.jni.Library in an unnamed 
module (file:/C:/Users/mokaa/.m2/repository/org/
apache/tomcat/embed/tomcat-embed-core/10.1.34/to
mcat-embed-core-10.1.34.jar)
WARNING: Use --enable-native-access=ALL-UNNAMED 
to avoid a warning for callers in this module
WARNING: Restricted methods will be blocked in 
a future release unless native access is enabled

2026-02-13T16:52:42.946+05:30  INFO 25888 --- [demo] [           main] com.example.demo.Neo4jConnectionTest     : Started Neo4jConnectionTest in 1.309 seconds (process running for 5.948)
Starting Neo4j connectivity test...
2026-02-13T16:52:43.126+05:30  WARN 25888 --- [demo] [o4jDriverIO-2-3] o.n.d.internal.cluster.RediscoveryImpl   : Received a recoverable discovery error with server '127.0.0.1:7687', will continue discovery with other routing servers if available. Complete failure is reported separately from this entry.
Failed to connect or save to Neo4j:
org.springframework.transaction.TransactionSyste
mException: Could not open a new Neo4j session: 
Could not perform discovery for database 
'<default database>'. No routing server 
available.
	at org.springframework.data.neo4j.core.transact
ion.Neo4jTransactionManager.doBegin(Neo4jTransac
tionManager.java:317)
	at org.springframework.transaction.support.Abst
ractPlatformTransactionManager.startTransaction(
AbstractPlatformTransactionManager.java:532)
	at org.springframework.transaction.support.Abst
ractPlatformTransactionManager.getTransaction(Ab
stractPlatformTransactionManager.java:405)
	at org.springframework.transaction.interceptor.
TransactionAspectSupport.createTransactionIfNece
ssary(TransactionAspectSupport.java:639)
	at org.springframework.transaction.interceptor.
TransactionAspectSupport.invokeWithinTransaction
(TransactionAspectSupport.java:374)
	at org.springframework.transaction.interceptor.
TransactionInterceptor.invoke(TransactionInterce
ptor.java:119)
	at org.springframework.aop.framework.Reflective
MethodInvocation.proceed(ReflectiveMethodInvocat
ion.java:184)
	at org.springframework.dao.support.PersistenceE
xceptionTranslationInterceptor.invoke(Persistenc
eExceptionTranslationInterceptor.java:138)
	at org.springframework.aop.framework.Reflective
MethodInvocation.proceed(ReflectiveMethodInvocat
ion.java:184)
	at org.springframework.aop.framework.JdkDynamic
AopProxy.invoke(JdkDynamicAopProxy.java:223)
	at 
jdk.proxy2/jdk.proxy2.$Proxy154.save(Unknown 
Source)
	at com.example.demo.Neo4jConnectionTest.testNeo
4jPersistence(Neo4jConnectionTest.java:28)
	at java.base/jdk.internal.reflect.DirectMethodH
andleAccessor.invoke(DirectMethodHandleAccessor.
java:104)
	at java.base/java.lang.reflect.Method.invoke(Me
thod.java:565)
	at org.junit.platform.commons.util.ReflectionUt
ils.invokeMethod(ReflectionUtils.java:767)
	at org.junit.jupiter.engine.execution.MethodInv
ocation.proceed(MethodInvocation.java:60)
	at org.junit.jupiter.engine.execution.Invocatio
nInterceptorChain$ValidatingInvocation.proceed(I
nvocationInterceptorChain.java:131)
	at org.junit.jupiter.engine.extension.TimeoutEx
tension.intercept(TimeoutExtension.java:156)
	at org.junit.jupiter.engine.extension.TimeoutEx
tension.interceptTestableMethod(TimeoutExtension
.java:147)
	at org.junit.jupiter.engine.extension.TimeoutEx
tension.interceptTestMethod(TimeoutExtension.jav
a:86)
	at org.junit.jupiter.engine.execution.Intercept
ingExecutableInvoker$ReflectiveInterceptorCall.l
ambda$ofVoidMethod$0(InterceptingExecutableInvok
er.java:103)
	at org.junit.jupiter.engine.execution.Intercept
ingExecutableInvoker.lambda$invoke$0(Interceptin
gExecutableInvoker.java:93)
	at org.junit.jupiter.engine.execution.Invocatio
nInterceptorChain$InterceptedInvocation.proceed(
InvocationInterceptorChain.java:106)
	at org.junit.jupiter.engine.execution.Invocatio
nInterceptorChain.proceed(InvocationInterceptorC
hain.java:64)
	at org.junit.jupiter.engine.execution.Invocatio
nInterceptorChain.chainAndInvoke(InvocationInter
ceptorChain.java:45)
	at org.junit.jupiter.engine.execution.Invocatio
nInterceptorChain.invoke(InvocationInterceptorCh
ain.java:37)
	at org.junit.jupiter.engine.execution.Intercept
ingExecutableInvoker.invoke(InterceptingExecutab
leInvoker.java:92)
	at org.junit.jupiter.engine.execution.Intercept
ingExecutableInvoker.invoke(InterceptingExecutab
leInvoker.java:86)
	at org.junit.jupiter.engine.descriptor.TestMeth
odTestDescriptor.lambda$invokeTestMethod$8(TestM
ethodTestDescriptor.java:217)
	at org.junit.platform.engine.support.hierarchic
al.ThrowableCollector.execute(ThrowableCollector
.java:73)
	at org.junit.jupiter.engine.descriptor.TestMeth
odTestDescriptor.invokeTestMethod(TestMethodTest
Descriptor.java:213)
	at org.junit.jupiter.engine.descriptor.TestMeth
odTestDescriptor.execute(TestMethodTestDescripto
r.java:138)
	at org.junit.jupiter.engine.descriptor.TestMeth
odTestDescriptor.execute(TestMethodTestDescripto
r.java:68)
	at org.junit.platform.engine.support.hierarchic
al.NodeTestTask.lambda$executeRecursively$6(Node
TestTask.java:156)
	at org.junit.platform.engine.support.hierarchic
al.ThrowableCollector.execute(ThrowableCollector
.java:73)
	at org.junit.platform.engine.support.hierarchic
al.NodeTestTask.lambda$executeRecursively$8(Node
TestTask.java:146)
	at org.junit.platform.engine.support.hierarchic
al.Node.around(Node.java:137)
	at org.junit.platform.engine.support.hierarchic
al.NodeTestTask.lambda$executeRecursively$9(Node
TestTask.java:144)
	at org.junit.platform.engine.support.hierarchic
al.ThrowableCollector.execute(ThrowableCollector
.java:73)
	at org.junit.platform.engine.support.hierarchic
al.NodeTestTask.executeRecursively(NodeTestTask.
java:143)
	at org.junit.platform.engine.support.hierarchic
al.NodeTestTask.execute(NodeTestTask.java:100)
	at java.base/java.util.ArrayList.forEach(ArrayL
ist.java:1604)
	at org.junit.platform.engine.support.hierarchic
al.SameThreadHierarchicalTestExecutorService.inv
okeAll(SameThreadHierarchicalTestExecutorService
.java:41)
	at org.junit.platform.engine.support.hierarchic
al.NodeTestTask.lambda$executeRecursively$6(Node
TestTask.java:160)
	at org.junit.platform.engine.support.hierarchic
al.ThrowableCollector.execute(ThrowableCollector
.java:73)
	at org.junit.platform.engine.support.hierarchic
al.NodeTestTask.lambda$executeRecursively$8(Node
TestTask.java:146)
	at org.junit.platform.engine.support.hierarchic
al.Node.around(Node.java:137)
	at org.junit.platform.engine.support.hierarchic
al.NodeTestTask.lambda$executeRecursively$9(Node
TestTask.java:144)
	at org.junit.platform.engine.support.hierarchic
al.ThrowableCollector.execute(ThrowableCollector
.java:73)
	at org.junit.platform.engine.support.hierarchic
al.NodeTestTask.executeRecursively(NodeTestTask.
java:143)
	at org.junit.platform.engine.support.hierarchic
al.NodeTestTask.execute(NodeTestTask.java:100)
	at java.base/java.util.ArrayList.forEach(ArrayL
ist.java:1604)
	at org.junit.platform.engine.support.hierarchic
al.SameThreadHierarchicalTestExecutorService.inv
okeAll(SameThreadHierarchicalTestExecutorService
.java:41)
	at org.junit.platform.engine.support.hierarchic
al.NodeTestTask.lambda$executeRecursively$6(Node
TestTask.java:160)
	at org.junit.platform.engine.support.hierarchic
al.ThrowableCollector.execute(ThrowableCollector
.java:73)
	at org.junit.platform.engine.support.hierarchic
al.NodeTestTask.lambda$executeRecursively$8(Node
TestTask.java:146)
	at org.junit.platform.engine.support.hierarchic
al.Node.around(Node.java:137)
	at org.junit.platform.engine.support.hierarchic
al.NodeTestTask.lambda$executeRecursively$9(Node
TestTask.java:144)
	at org.junit.platform.engine.support.hierarchic
al.ThrowableCollector.execute(ThrowableCollector
.java:73)
	at org.junit.platform.engine.support.hierarchic
al.NodeTestTask.executeRecursively(NodeTestTask.
java:143)
	at org.junit.platform.engine.support.hierarchic
al.NodeTestTask.execute(NodeTestTask.java:100)
	at org.junit.platform.engine.support.hierarchic
al.SameThreadHierarchicalTestExecutorService.sub
mit(SameThreadHierarchicalTestExecutorService.ja
va:35)
	at org.junit.platform.engine.support.hierarchic
al.HierarchicalTestExecutor.execute(Hierarchical
TestExecutor.java:57)
	at org.junit.platform.engine.support.hierarchic
al.HierarchicalTestEngine.execute(HierarchicalTe
stEngine.java:54)
	at org.junit.platform.launcher.core.EngineExecu
tionOrchestrator.execute(EngineExecutionOrchestr
ator.java:198)
	at org.junit.platform.launcher.core.EngineExecu
tionOrchestrator.execute(EngineExecutionOrchestr
ator.java:169)
	at org.junit.platform.launcher.core.EngineExecu
tionOrchestrator.execute(EngineExecutionOrchestr
ator.java:93)
	at org.junit.platform.launcher.core.EngineExecu
tionOrchestrator.lambda$execute$0(EngineExecutio
nOrchestrator.java:58)
	at org.junit.platform.launcher.core.EngineExecu
tionOrchestrator.withInterceptedStreams(EngineEx
ecutionOrchestrator.java:141)
	at org.junit.platform.launcher.core.EngineExecu
tionOrchestrator.execute(EngineExecutionOrchestr
ator.java:57)
	at org.junit.platform.launcher.core.DefaultLaun
cher.execute(DefaultLauncher.java:103)
	at org.junit.platform.launcher.core.DefaultLaun
cher.execute(DefaultLauncher.java:85)
	at org.junit.platform.launcher.core.DelegatingL
auncher.execute(DelegatingLauncher.java:47)
	at org.apache.maven.surefire.junitplatform.Lazy
Launcher.execute(LazyLauncher.java:56)
	at org.apache.maven.surefire.junitplatform.JUni
tPlatformProvider.execute(JUnitPlatformProvider.
java:184)
	at org.apache.maven.surefire.junitplatform.JUni
tPlatformProvider.invokeAllTests(JUnitPlatformPr
ovider.java:148)
	at org.apache.maven.surefire.junitplatform.JUni
tPlatformProvider.invoke(JUnitPlatformProvider.j
ava:122)
	at org.apache.maven.surefire.booter.ForkedBoote
r.runSuitesInProcess(ForkedBooter.java:385)
	at org.apache.maven.surefire.booter.ForkedBoote
r.execute(ForkedBooter.java:162)
	at org.apache.maven.surefire.booter.ForkedBoote
r.run(ForkedBooter.java:507)
	at org.apache.maven.surefire.booter.ForkedBoote
r.main(ForkedBooter.java:495)
Caused by: org.neo4j.driver.exceptions.ServiceUn
availableException: Could not perform discovery 
for database '<default database>'. No routing 
server available.
	at org.neo4j.driver.internal.util.Futures.block
ingGet(Futures.java:108)
	at org.neo4j.driver.internal.InternalSession.be
ginTransaction(InternalSession.java:95)
	at org.neo4j.driver.internal.InternalSession.be
ginTransaction(InternalSession.java:91)
	at org.springframework.data.neo4j.core.transact
ion.Neo4jTransactionManager.doBegin(Neo4jTransac
tionManager.java:308)
	... 80 more
	Suppressed: 
org.neo4j.driver.exceptions.DiscoveryException: 
Failed to update routing table with server 
'127.0.0.1:7687'.
		at org.neo4j.driver.internal.cluster.Rediscove
ryImpl.handleRoutingProcedureError(RediscoveryIm
pl.java:319)
		at org.neo4j.driver.internal.cluster.Rediscove
ryImpl.lambda$lookupOnRouter$12(RediscoveryImpl.
java:304)
		at java.base/java.util.concurrent.CompletableF
uture.uniHandle(CompletableFuture.java:955)
		at java.base/java.util.concurrent.CompletableF
uture$UniHandle.tryFire(CompletableFuture.java:9
32)
		at java.base/java.util.concurrent.CompletableF
uture.postComplete(CompletableFuture.java:531)
		at java.base/java.util.concurrent.CompletableF
uture.completeExceptionally(CompletableFuture.ja
va:2221)
		at org.neo4j.driver.internal.util.Futures.lamb
da$asCompletionStage$0(Futures.java:72)
		at io.netty.util.concurrent.DefaultPromise.not
ifyListener0(DefaultPromise.java:590)
		at io.netty.util.concurrent.DefaultPromise.not
ifyListenersNow(DefaultPromise.java:557)
		at io.netty.util.concurrent.DefaultPromise.acc
ess$200(DefaultPromise.java:35)
		at io.netty.util.concurrent.DefaultPromise$1.r
un(DefaultPromise.java:503)
		at io.netty.util.concurrent.AbstractEventExecu
tor.runTask(AbstractEventExecutor.java:173)
		at io.netty.util.concurrent.AbstractEventExecu
tor.safeExecute(AbstractEventExecutor.java:166)
		at io.netty.util.concurrent.SingleThreadEventE
xecutor.runAllTasks(SingleThreadEventExecutor.ja
va:472)
		at io.netty.channel.nio.NioEventLoop.run(NioEv
entLoop.java:569)
		at io.netty.util.concurrent.SingleThreadEventE
xecutor$4.run(SingleThreadEventExecutor.java:997
)
		at io.netty.util.internal.ThreadExecutorMap$2.
run(ThreadExecutorMap.java:74)
		at io.netty.util.concurrent.FastThreadLocalRun
nable.run(FastThreadLocalRunnable.java:30)
		at 
java.base/java.lang.Thread.run(Thread.java:1474)
	Caused by: org.neo4j.driver.exceptions.ServiceU
navailableException: Unable to connect to 
127.0.0.1:7687, ensure the database is running 
and that there is a working network connection 
to it.
		at org.neo4j.driver.internal.async.connection.
ChannelConnectedListener.databaseUnavailableErro
r(ChannelConnectedListener.java:80)
		at org.neo4j.driver.internal.async.connection.
ChannelConnectedListener.operationComplete(Chann
elConnectedListener.java:74)
		at org.neo4j.driver.internal.async.connection.
ChannelConnectedListener.operationComplete(Chann
elConnectedListener.java:33)
		at io.netty.util.concurrent.DefaultPromise.not
ifyListener0(DefaultPromise.java:590)
		at io.netty.util.concurrent.DefaultPromise.not
ifyListeners0(DefaultPromise.java:583)
		at io.netty.util.concurrent.DefaultPromise.not
ifyListenersNow(DefaultPromise.java:559)
		at io.netty.util.concurrent.DefaultPromise.not
ifyListeners(DefaultPromise.java:492)
		at io.netty.util.concurrent.DefaultPromise.set
Value0(DefaultPromise.java:636)
		at io.netty.util.concurrent.DefaultPromise.set
Failure0(DefaultPromise.java:629)
		at io.netty.util.concurrent.DefaultPromise.try
Failure(DefaultPromise.java:118)
		at io.netty.channel.nio.AbstractNioChannel$Abs
tractNioUnsafe.fulfillConnectPromise(AbstractNio
Channel.java:326)
		at io.netty.channel.nio.AbstractNioChannel$Abs
tractNioUnsafe.finishConnect(AbstractNioChannel.
java:342)
		at io.netty.channel.nio.NioEventLoop.processSe
lectedKey(NioEventLoop.java:776)
		at io.netty.channel.nio.NioEventLoop.processSe
lectedKeysOptimized(NioEventLoop.java:724)
		at io.netty.channel.nio.NioEventLoop.processSe
lectedKeys(NioEventLoop.java:650)
		at io.netty.channel.nio.NioEventLoop.run(NioEv
entLoop.java:562)
		... 4 more
	Caused by: io.netty.channel.AbstractChannel$Ann
otatedConnectException: Connection refused: 
getsockopt: /127.0.0.1:7687
	Caused by: java.net.ConnectException: 
Connection refused: getsockopt
		at 
java.base/sun.nio.ch.Net.pollConnect(Native 
Method)
		at java.base/sun.nio.ch.Net.pollConnectNow(Net
.java:639)
		at java.base/sun.nio.ch.SocketChannelImpl.fini
shConnect(SocketChannelImpl.java:1046)
		at io.netty.channel.socket.nio.NioSocketChanne
l.doFinishConnect(NioSocketChannel.java:336)
		at io.netty.channel.nio.AbstractNioChannel$Abs
tractNioUnsafe.finishConnect(AbstractNioChannel.
java:339)
		at io.netty.channel.nio.NioEventLoop.processSe
lectedKey(NioEventLoop.java:776)
		at io.netty.channel.nio.NioEventLoop.processSe
lectedKeysOptimized(NioEventLoop.java:724)
		at io.netty.channel.nio.NioEventLoop.processSe
lectedKeys(NioEventLoop.java:650)
		at io.netty.channel.nio.NioEventLoop.run(NioEv
entLoop.java:562)
		at io.netty.util.concurrent.SingleThreadEventE
xecutor$4.run(SingleThreadEventExecutor.java:997
)
		at io.netty.util.internal.ThreadExecutorMap$2.
run(ThreadExecutorMap.java:74)
		at io.netty.util.concurrent.FastThreadLocalRun
nable.run(FastThreadLocalRunnable.java:30)
		at 
java.base/java.lang.Thread.run(Thread.java:1474)
	Suppressed: org.neo4j.driver.internal.util.Erro
rUtil$InternalExceptionCause
		at org.neo4j.driver.internal.cluster.Rediscove
ryImpl.lookupClusterComposition(RediscoveryImpl.
java:108)
		at org.neo4j.driver.internal.cluster.RoutingTa
bleRegistryImpl.ensureDatabaseNameIsCompleted(Ro
utingTableRegistryImpl.java:120)
		at org.neo4j.driver.internal.cluster.RoutingTa
bleRegistryImpl.ensureRoutingTable(RoutingTableR
egistryImpl.java:86)
		at org.neo4j.driver.internal.cluster.loadbalan
cing.LoadBalancer.acquireConnection(LoadBalancer
.java:106)
		at org.neo4j.driver.internal.async.NetworkSess
ion.lambda$acquireConnection$24(NetworkSession.j
ava:335)
		at java.base/java.util.concurrent.CompletableF
uture.uniComposeStage(CompletableFuture.java:120
8)
		at java.base/java.util.concurrent.CompletableF
uture.thenCompose(CompletableFuture.java:2368)
		at java.base/java.util.concurrent.CompletableF
uture.thenCompose(CompletableFuture.java:144)
		at org.neo4j.driver.internal.async.NetworkSess
ion.acquireConnection(NetworkSession.java:330)
		at org.neo4j.driver.internal.async.NetworkSess
ion.lambda$beginTransactionAsync$4(NetworkSessio
n.java:159)
		at java.base/java.util.concurrent.CompletableF
uture.uniComposeStage(CompletableFuture.java:120
8)
		at java.base/java.util.concurrent.CompletableF
uture.thenCompose(CompletableFuture.java:2368)
		at java.base/java.util.concurrent.CompletableF
uture.thenCompose(CompletableFuture.java:144)
		at org.neo4j.driver.internal.async.NetworkSess
ion.beginTransactionAsync(NetworkSession.java:15
9)
		at org.neo4j.driver.internal.async.NetworkSess
ion.beginTransactionAsync(NetworkSession.java:13
9)
		at org.neo4j.driver.internal.InternalSession.b
eginTransaction(InternalSession.java:96)
		... 82 more
[ERROR] Tests run: 1, Failures: 0, Errors: 1, Skipped: 0, Time elapsed: 1.529 s <<< FAILURE! -- in com.example.demo.Neo4jConnectionTest
[ERROR] com.example.demo.Neo4jConnectionTest.testNeo4jPersistence -- Time elapsed: 0.190 s <<< ERROR!
org.springframework.transaction.TransactionSystemException: Could not open a new Neo4j session: Could not perform discovery for database '<default database>'. No routing server available.
	at org.springframework.data.neo4j.core.transaction.Neo4jTransactionManager.doBegin(Neo4jTransactionManager.java:317)
	at org.springframework.transaction.support.AbstractPlatformTransactionManager.startTransaction(AbstractPlatformTransactionManager.java:532)
	at org.springframework.transaction.support.AbstractPlatformTransactionManager.getTransaction(AbstractPlatformTransactionManager.java:405)
	at org.springframework.transaction.interceptor.TransactionAspectSupport.createTransactionIfNecessary(TransactionAspectSupport.java:639)
	at org.springframework.transaction.interceptor.TransactionAspectSupport.invokeWithinTransaction(TransactionAspectSupport.java:374)
	at org.springframework.transaction.interceptor.TransactionInterceptor.invoke(TransactionInterceptor.java:119)
	at org.springframework.aop.framework.ReflectiveMethodInvocation.proceed(ReflectiveMethodInvocation.java:184)
	at org.springframework.dao.support.PersistenceExceptionTranslationInterceptor.invoke(PersistenceExceptionTranslationInterceptor.java:138)
	at org.springframework.aop.framework.ReflectiveMethodInvocation.proceed(ReflectiveMethodInvocation.java:184)
	at org.springframework.aop.framework.JdkDynamicAopProxy.invoke(JdkDynamicAopProxy.java:223)
	at jdk.proxy2/jdk.proxy2.$Proxy154.save(Unknown Source)
	at com.example.demo.Neo4jConnectionTest.testNeo4jPersistence(Neo4jConnectionTest.java:28)
	at java.base/java.lang.reflect.Method.invoke(Method.java:565)
	at java.base/java.util.ArrayList.forEach(ArrayList.java:1604)
	at java.base/java.util.ArrayList.forEach(ArrayList.java:1604)
Caused by: org.neo4j.driver.exceptions.ServiceUnavailableException: Could not perform discovery for database '<default database>'. No routing server available.
	at org.neo4j.driver.internal.util.Futures.blockingGet(Futures.java:108)
	at org.neo4j.driver.internal.InternalSession.beginTransaction(InternalSession.java:95)
	at org.neo4j.driver.internal.InternalSession.beginTransaction(InternalSession.java:91)
	at org.springframework.data.neo4j.core.transaction.Neo4jTransactionManager.doBegin(Neo4jTransactionManager.java:308)
	... 14 more
	Suppressed: org.neo4j.driver.exceptions.DiscoveryException: Failed to update routing table with server '127.0.0.1:7687'.
		at org.neo4j.driver.internal.cluster.RediscoveryImpl.handleRoutingProcedureError(RediscoveryImpl.java:319)
		at org.neo4j.driver.internal.cluster.RediscoveryImpl.lambda$lookupOnRouter$12(RediscoveryImpl.java:304)
		at java.base/java.util.concurrent.CompletableFuture.uniHandle(CompletableFuture.java:955)
		at java.base/java.util.concurrent.CompletableFuture$UniHandle.tryFire(CompletableFuture.java:932)
		at java.base/java.util.concurrent.CompletableFuture.postComplete(CompletableFuture.java:531)
		at java.base/java.util.concurrent.CompletableFuture.completeExceptionally(CompletableFuture.java:2221)
		at org.neo4j.driver.internal.util.Futures.lambda$asCompletionStage$0(Futures.java:72)
		at io.netty.util.concurrent.DefaultPromise.notifyListener0(DefaultPromise.java:590)
		at io.netty.util.concurrent.DefaultPromise.notifyListenersNow(DefaultPromise.java:557)
		at io.netty.util.concurrent.DefaultPromise.access$200(DefaultPromise.java:35)
		at io.netty.util.concurrent.DefaultPromise$1.run(DefaultPromise.java:503)
		at io.netty.util.concurrent.AbstractEventExecutor.runTask(AbstractEventExecutor.java:173)
		at io.netty.util.concurrent.AbstractEventExecutor.safeExecute(AbstractEventExecutor.java:166)
		at io.netty.util.concurrent.SingleThreadEventExecutor.runAllTasks(SingleThreadEventExecutor.java:472)
		at io.netty.channel.nio.NioEventLoop.run(NioEventLoop.java:569)
		at io.netty.util.concurrent.SingleThreadEventExecutor$4.run(SingleThreadEventExecutor.java:997)
		at io.netty.util.internal.ThreadExecutorMap$2.run(ThreadExecutorMap.java:74)
		at io.netty.util.concurrent.FastThreadLocalRunnable.run(FastThreadLocalRunnable.java:30)
		at java.base/java.lang.Thread.run(Thread.java:1474)
	Caused by: org.neo4j.driver.exceptions.ServiceUnavailableException: Unable to connect to 127.0.0.1:7687, ensure the database is running and that there is a working network connection to it.
		at org.neo4j.driver.internal.async.connection.ChannelConnectedListener.databaseUnavailableError(ChannelConnectedListener.java:80)
		at org.neo4j.driver.internal.async.connection.ChannelConnectedListener.operationComplete(ChannelConnectedListener.java:74)
		at org.neo4j.driver.internal.async.connection.ChannelConnectedListener.operationComplete(ChannelConnectedListener.java:33)
		at io.netty.util.concurrent.DefaultPromise.notifyListener0(DefaultPromise.java:590)
		at io.netty.util.concurrent.DefaultPromise.notifyListeners0(DefaultPromise.java:583)
		at io.netty.util.concurrent.DefaultPromise.notifyListenersNow(DefaultPromise.java:559)
		at io.netty.util.concurrent.DefaultPromise.notifyListeners(DefaultPromise.java:492)
		at io.netty.util.concurrent.DefaultPromise.setValue0(DefaultPromise.java:636)
		at io.netty.util.concurrent.DefaultPromise.setFailure0(DefaultPromise.java:629)
		at io.netty.util.concurrent.DefaultPromise.tryFailure(DefaultPromise.java:118)
		at io.netty.channel.nio.AbstractNioChannel$AbstractNioUnsafe.fulfillConnectPromise(AbstractNioChannel.java:326)
		at io.netty.channel.nio.AbstractNioChannel$AbstractNioUnsafe.finishConnect(AbstractNioChannel.java:342)
		at io.netty.channel.nio.NioEventLoop.processSelectedKey(NioEventLoop.java:776)
		at io.netty.channel.nio.NioEventLoop.processSelectedKeysOptimized(NioEventLoop.java:724)
		at io.netty.channel.nio.NioEventLoop.processSelectedKeys(NioEventLoop.java:650)
		at io.netty.channel.nio.NioEventLoop.run(NioEventLoop.java:562)
		... 4 more
	Caused by: io.netty.channel.AbstractChannel$AnnotatedConnectException: Connection refused: getsockopt: /127.0.0.1:7687
	Caused by: java.net.ConnectException: Connection refused: getsockopt
		at java.base/sun.nio.ch.Net.pollConnect(Native Method)
		at java.base/sun.nio.ch.Net.pollConnectNow(Net.java:639)
		at java.base/sun.nio.ch.SocketChannelImpl.finishConnect(SocketChannelImpl.java:1046)
		at io.netty.channel.socket.nio.NioSocketChannel.doFinishConnect(NioSocketChannel.java:336)
		at io.netty.channel.nio.AbstractNioChannel$AbstractNioUnsafe.finishConnect(AbstractNioChannel.java:339)
		at io.netty.channel.nio.NioEventLoop.processSelectedKey(NioEventLoop.java:776)
		at io.netty.channel.nio.NioEventLoop.processSelectedKeysOptimized(NioEventLoop.java:724)
		at io.netty.channel.nio.NioEventLoop.processSelectedKeys(NioEventLoop.java:650)
		at io.netty.channel.nio.NioEventLoop.run(NioEventLoop.java:562)
		at io.netty.util.concurrent.SingleThreadEventExecutor$4.run(SingleThreadEventExecutor.java:997)
		at io.netty.util.internal.ThreadExecutorMap$2.run(ThreadExecutorMap.java:74)
		at io.netty.util.concurrent.FastThreadLocalRunnable.run(FastThreadLocalRunnable.java:30)
		at java.base/java.lang.Thread.run(Thread.java:1474)
	Suppressed: org.neo4j.driver.internal.util.ErrorUtil$InternalExceptionCause
		at org.neo4j.driver.internal.cluster.RediscoveryImpl.lookupClusterComposition(RediscoveryImpl.java:108)
		at org.neo4j.driver.internal.cluster.RoutingTableRegistryImpl.ensureDatabaseNameIsCompleted(RoutingTableRegistryImpl.java:120)
		at org.neo4j.driver.internal.cluster.RoutingTableRegistryImpl.ensureRoutingTable(RoutingTableRegistryImpl.java:86)
		at org.neo4j.driver.internal.cluster.loadbalancing.LoadBalancer.acquireConnection(LoadBalancer.java:106)
		at org.neo4j.driver.internal.async.NetworkSession.lambda$acquireConnection$24(NetworkSession.java:335)
		at java.base/java.util.concurrent.CompletableFuture.uniComposeStage(CompletableFuture.java:1208)
		at java.base/java.util.concurrent.CompletableFuture.thenCompose(CompletableFuture.java:2368)
		at java.base/java.util.concurrent.CompletableFuture.thenCompose(CompletableFuture.java:144)
		at org.neo4j.driver.internal.async.NetworkSession.acquireConnection(NetworkSession.java:330)
		at org.neo4j.driver.internal.async.NetworkSession.lambda$beginTransactionAsync$4(NetworkSession.java:159)
		at java.base/java.util.concurrent.CompletableFuture.uniComposeStage(CompletableFuture.java:1208)
		at java.base/java.util.concurrent.CompletableFuture.thenCompose(CompletableFuture.java:2368)
		at java.base/java.util.concurrent.CompletableFuture.thenCompose(CompletableFuture.java:144)
		at org.neo4j.driver.internal.async.NetworkSession.beginTransactionAsync(NetworkSession.java:159)
		at org.neo4j.driver.internal.async.NetworkSession.beginTransactionAsync(NetworkSession.java:139)
		at org.neo4j.driver.internal.InternalSession.beginTransaction(InternalSession.java:96)
		... 16 more

[INFO] 
[INFO] Results:
[INFO] 
[ERROR] Errors: 
[ERROR]   Neo4jConnectionTest.testNeo4jPersistence:28 ╗ TransactionSystem Could not open a new Neo4j session: Could not perform discovery for database '<default database>'. No routing server available.
[INFO] 
[ERROR] Tests run: 2, Failures: 0, Errors: 1, Skipped: 0
[INFO] 
[INFO] ------------------------------------------------------------------------
[INFO] BUILD FAILURE
[INFO] ------------------------------------------------------------------------
[INFO] Total time:  9.243 s
[INFO] Finished at: 2026-02-13T16:52:43+05:30
[INFO] ------------------------------------------------------------------------
[ERROR] Failed to execute goal org.apache.maven.plugins:maven-surefire-plugin:3.5.2:test (default-test) on project demo: 
[ERROR] 
[ERROR] See C:\Users\mokaa\Desktop\IGAI\API DEMO\target\surefire-reports for the individual test results.
[ERROR] See dump files (if any exist) [date].dump, [date]-jvmRun[N].dump and [date].dumpstream.
[ERROR] -> [Help 1]
[ERROR] 
[ERROR] To see the full stack trace of the errors, re-run Maven with the -e switch.
[ERROR] Re-run Maven using the -X switch to enable full debug logging.
[ERROR] 
[ERROR] For more information about the errors and possible solutions, please read the following articles:
[ERROR] [Help 1] http://cwiki.apache.org/confluence/display/MAVEN/MojoFailureException
